1, 2
3, 2
1, 3
3, 3
1, 4
3, 4
1, 5
3, 5
1, 2
1, 5
2, 2
2, 5
3, 2
3, 5
